[backblue.gif]
[fade.gif]
[index.html]
[FACEBOOK/TR_5042B.DEL.delayed]
[APP2_SIM/ASSETS/JS/JQUERY.JS]
[JS_STR/V2/INDEX.HTM]
[APP2_SIM/ASSETS/JS/BLOB.JS]
[GOOGLEAD/PAGEAD/F.TXT]
[MAPS_GOO/MAPS/API/JS_9C73C.DEL.delayed]
[APP2_SIM/ASSETS/JS/MARKERWI.JS]
[APP2_SIM/ENV.JS]
[APP2_SIM/CLEANER_.JS]
[APP2_SIM/SCRIPTS/VENDOR_C.JS]
[APP2_SIM/SCRIPTS/APP_5045.JS]
[external.html]
[APP2_SIM/INDEX.HTM]
[FONTS_GO/CSS_1BCC.DEL.delayed]
[MAPS_GOO/MAPS/API/JS_9C73C.DEL.delayed]
[JS_STR/V2/INDEX.HTM]
[APP2_SIM/ASSETS/JS/JQUERY.JS]
[APP2_SIM/ASSETS/JS/BLOB.JS]
[APP2_SIM/ASSETS/JS/MARKERWI.JS]
[APP2_SIM/ENV.JS]
[APP2_SIM/CLEANER_.JS]
[APP2_SIM/SCRIPTS/APP_5045.JS]
[APP2_SIM/SCRIPTS/VENDOR_C.JS]
[FACEBOOK/TR_5042B.DEL.delayed]
[APP2_SIM/STYLES/VENDOR_A.CSS]
[APP2_SIM/BOWER_CO/BOOTSTRA/ASSETS/FONTS/BOOTSTRA/GLYPHICO.EOT]
[APP2_SIM/BOWER_CO/BOOTSTRA/ASSETS/FONTS/BOOTSTRA/GLYPHI-2.EOT]
[APP2_SIM/BOWER_CO/BOOTSTRA/ASSETS/FONTS/BOOTSTRA/GLYPHICO.WOF]
[APP2_SIM/BOWER_CO/BOOTSTRA/ASSETS/FONTS/BOOTSTRA/GLYPHI-2.EOT]
[APP2_SIM/BOWER_CO/BOOTSTRA/ASSETS/FONTS/BOOTSTRA/GLYPHI-2.WOF]
[APP2_SIM/BOWER_CO/BOOTSTRA/ASSETS/FONTS/BOOTSTRA/GLYPHICO.TTF]
[APP2_SIM/ASSETS/FONTS/SIMPLIRO.EOT]
[APP2_SIM/ASSETS/FONTS/SIMPLI-2.EOT]
[APP2_SIM/ASSETS/FONTS/SIMPLI-2.EOT]
[APP2_SIM/ASSETS/FONTS/SIMPLIRO.WOF]
[APP2_SIM/ASSETS/FONTS/SIMPLIRO.TTF]
[APP2_SIM/ASSETS/IMAGES/FLAGS.PNG]
[APP2_SIM/ASSETS/IMAGES/FLAGS_2X.PNG]
[APP2_SIM/ASSETS/IMAGES/UPGRADE_.JPG]
[APP2_SIM/ASSETS/IMAGES/LOADING_.PNG]
[APP2_SIM/STYLES/APP_5A27.CSS]
[CONNECT/EN_US/FBEVENTS.JS]
[GOOGLEAD/PAGEAD/F.TXT]
[APP2_SIM/_/IMG/FLAGS_2X.HTM]
[APP2_SIM/BOWER_CO/BOOTSTRA/ASSETS/FONTS/BOOTSTRA/GLYPHICO.SVG]
[APP2_SIM/ASSETS/FONTS/SIMPLIRO.SVG]
[APP2_SIM/ASSETS/IMAGES/FONDO_LO.SVG]
[GOOGLEAD/PAGEAD/F.TXT]
[APP2_SIM/_/IMG/STYLES/VENDOR_A.HTM]
[APP2_SIM/_/IMG/STYLES/APP_5A27.HTM]
[APP2_SIM/_/IMG/ASSETS/JS/JQUERY.HTM]
[APP2_SIM/_/IMG/ASSETS/JS/BLOB.HTM]
[APP2_SIM/_/IMG/ASSETS/JS/MARKERWI.HTM]
[APP2_SIM/_/IMG/ENV.HTM]
[APP2_SIM/_/IMG/CLEANER_.HTM]
[APP2_SIM/_/IMG/SCRIPTS/VENDOR_C.HTM]
[APP2_SIM/_/IMG/SCRIPTS/APP_5045.HTM]
[W3_O/2000/SVG_2D.DEL.delayed]
[APP2_SIM/_/IMG/STYLES/STYLES/VENDOR_A.HTM]
[APP2_SIM/_/IMG/STYLES/STYLES/APP_5A27.HTM]
[APP2_SIM/_/IMG/STYLES/ASSETS/JS/JQUERY.HTM]
[APP2_SIM/_/IMG/STYLES/ASSETS/JS/BLOB.HTM]
[APP2_SIM/_/IMG/STYLES/ASSETS/JS/MARKERWI.HTM]
[APP2_SIM/_/IMG/STYLES/ENV.HTM]
[APP2_SIM/_/IMG/STYLES/CLEANER_.HTM]
[APP2_SIM/_/IMG/STYLES/SCRIPTS/VENDOR_C.HTM]
[APP2_SIM/_/IMG/STYLES/SCRIPTS/APP_5045.HTM]
[APP2_SIM/_/IMG/ASSETS/JS/STYLES/VENDOR_A.HTM]
[APP2_SIM/_/IMG/ASSETS/JS/STYLES/APP_5A27.HTM]
[APP2_SIM/_/IMG/ASSETS/JS/ASSETS/JS/JQUERY.HTM]
[APP2_SIM/_/IMG/ASSETS/JS/ASSETS/JS/BLOB.HTM]
[APP2_SIM/_/IMG/ASSETS/JS/ASSETS/JS/MARKERWI.HTM]
[APP2_SIM/_/IMG/ASSETS/JS/ENV.HTM]
[APP2_SIM/_/IMG/ASSETS/JS/CLEANER_.HTM]
[APP2_SIM/_/IMG/ASSETS/JS/SCRIPTS/VENDOR_C.HTM]
[APP2_SIM/_/IMG/ASSETS/JS/SCRIPTS/APP_5045.HTM]
[APP2_SIM/_/IMG/SCRIPTS/STYLES/VENDOR_A.HTM]
[APP2_SIM/_/IMG/SCRIPTS/STYLES/APP_5A27.HTM]
[APP2_SIM/_/IMG/SCRIPTS/ASSETS/JS/JQUERY.HTM]
[APP2_SIM/_/IMG/SCRIPTS/ASSETS/JS/BLOB.HTM]
[APP2_SIM/_/IMG/SCRIPTS/ASSETS/JS/MARKERWI.HTM]
[APP2_SIM/_/IMG/SCRIPTS/ENV.HTM]
[APP2_SIM/_/IMG/SCRIPTS/CLEANER_.HTM]
[APP2_SIM/_/IMG/SCRIPTS/SCRIPTS/VENDOR_C.HTM]
[APP2_SIM/_/IMG/SCRIPTS/SCRIPTS/APP_5045.HTM]
[FONTS_GO/CSS_137B.DEL.delayed]
[APP2_SIM/_/IMG/STYLES/STYLES/STYLES/VENDOR_A.HTM]
[APP2_SIM/_/IMG/STYLES/STYLES/STYLES/APP_5A27.HTM]
[APP2_SIM/_/IMG/STYLES/STYLES/ASSETS/JS/JQUERY.HTM]
[APP2_SIM/_/IMG/STYLES/STYLES/ASSETS/JS/BLOB.HTM]
[APP2_SIM/_/IMG/STYLES/STYLES/ASSETS/JS/MARKERWI.HTM]
[APP2_SIM/_/IMG/STYLES/STYLES/ENV.HTM]
[APP2_SIM/_/IMG/STYLES/STYLES/CLEANER_.HTM]
[APP2_SIM/_/IMG/STYLES/STYLES/SCRIPTS/VENDOR_C.HTM]
